// Jest Snapshot v1, https://goo.gl/fbAQLP

exports[`pruebas <AddCategory> probando que se ve 1`] = `
<form
  onSubmit={[Function]}
>
  <input
    onChange={[Function]}
    type="text"
    value=""
  />
</form>
`;
